16:26:22 [build] Waiting for integration "@astrojs/tailwind", hook "astro:config:setup"...
16:26:23 [vite] Re-optimizing dependencies because vite config has changed
16:26:25 [types] Generated 2.52s
16:26:25 [build] output: "hybrid"
16:26:25 [build] directory: D:\00 刘盛雄知识库\00 myblog\.vercel\output\
16:26:25 [build] adapter: @astrojs/vercel/serverless
16:26:25 [build] Collecting build info...
16:26:25 [build] ✓ Completed in 6.08s.
16:27:19 [build] Building hybrid entrypoints...
node_modules/gray-matter/lib/engines.js (43:13): Use of eval in "node_modules/gray-matter/lib/engines.js" is strongly discouraged as it poses security risks and may cause issues with minification.
16:27:34 [vite] [32m✓ built in 13.87s[39m
16:27:34 [build] ✓ Completed in 14.20s.

 building client (vite) 
16:27:34 [vite] transforming...
16:27:34 [vite] [32m✓[39m 29 modules transformed.
16:27:35 [vite] rendering chunks...
16:27:35 [vite] computing gzip size...
16:27:35 [vite] [2m.vercel/output/static/[22m[36m_astro/hoisted.DTAHM_OY.js         [39m[1m[2m0.97 kB[22m[1m[22m[2m │ gzip: 0.64 kB[22m
16:27:35 [vite] [2m.vercel/output/static/[22m[36m_astro/preload-helper.CLcXU_4U.js  [39m[1m[2m0.99 kB[22m[1m[22m[2m │ gzip: 0.60 kB[22m
16:27:35 [vite] [2m.vercel/output/static/[22m[36m_astro/hoisted.DksHervv.js         [39m[1m[2m1.39 kB[22m[1m[22m[2m │ gzip: 0.76 kB[22m
16:27:35 [vite] [2m.vercel/output/static/[22m[36m_astro/hoisted.BQjNbkPS.js         [39m[1m[2m1.42 kB[22m[1m[22m[2m │ gzip: 0.77 kB[22m
16:27:35 [vite] [2m.vercel/output/static/[22m[36m_astro/hoisted.C4yaK50R.js         [39m[1m[2m1.54 kB[22m[1m[22m[2m │ gzip: 0.75 kB[22m
16:27:35 [vite] [2m.vercel/output/static/[22m[36m_astro/hoisted.B5dyXghI.js         [39m[1m[2m2.85 kB[22m[1m[22m[2m │ gzip: 1.47 kB[22m
16:27:35 [vite] [2m.vercel/output/static/[22m[36m_astro/hoisted.BDO3DyUj.js         [39m[1m[2m2.86 kB[22m[1m[22m[2m │ gzip: 1.41 kB[22m
16:27:35 [vite] [2m.vercel/output/static/[22m[36m_astro/hoisted.DoBi-uRa.js         [39m[1m[2m2.88 kB[22m[1m[22m[2m │ gzip: 1.58 kB[22m
16:27:35 [vite] [2m.vercel/output/static/[22m[36m_astro/hoisted.C2-zj_ms.js         [39m[1m[2m3.40 kB[22m[1m[22m[2m │ gzip: 1.27 kB[22m
16:27:35 [vite] [2m.vercel/output/static/[22m[36m_astro/hoisted.CuF_KYz2.js         [39m[1m[2m3.49 kB[22m[1m[22m[2m │ gzip: 1.67 kB[22m
16:27:35 [vite] [2m.vercel/output/static/[22m[36m_astro/hoisted.BS1CIQr3.js         [39m[1m[2m3.51 kB[22m[1m[22m[2m │ gzip: 1.62 kB[22m
16:27:35 [vite] [2m.vercel/output/static/[22m[36m_astro/hoisted.CmE1lWDU.js         [39m[1m[2m3.59 kB[22m[1m[22m[2m │ gzip: 1.74 kB[22m
16:27:35 [vite] [2m.vercel/output/static/[22m[36m_astro/mini-markdown.BkRW-xZR.js   [39m[1m[2m3.74 kB[22m[1m[22m[2m │ gzip: 1.77 kB[22m
16:27:35 [vite] [2m.vercel/output/static/[22m[36m_astro/hoisted.B33EAR5Y.js         [39m[1m[2m5.12 kB[22m[1m[22m[2m │ gzip: 2.34 kB[22m
16:27:35 [vite] [2m.vercel/output/static/[22m[36m_astro/image-picker.I5gzkR7q.js    [39m[1m[2m8.41 kB[22m[1m[22m[2m │ gzip: 2.98 kB[22m
16:27:35 [vite] [32m✓ built in 1.57s[39m

 prerendering static routes 
16:27:36 ▶ src/pages/en/about.astro
16:27:36   └─ /en/about/index.html (+104ms)
16:27:36 ▶ src/pages/en/index.astro
16:27:36   └─ /en/index.html (+79ms)
16:27:36 ▶ src/pages/en/post/[slug].astro
16:27:36   ├─ /en/post/delivered-2400-yuan-ai-video-commission-after-7-revisions/index.html (+51ms)
16:27:36   ├─ /en/post/from-3-hours-to-3-minutes-workbuddy-ai-system-en/index.html (+33ms)
16:27:36   ├─ /en/post/missed-bitcoin-2014-wont-miss-rwa-en/index.html (+41ms)
16:27:36   ├─ /en/post/opened-7-hong-kong-bank-cards-one-day/index.html (+32ms)
16:27:36   └─ /en/post/why-i-built-this-website-en/index.html (+31ms)
16:27:36 ▶ src/pages/en/posts.astro
16:27:36   └─ /en/posts/index.html (+19ms)
16:27:36 ▶ src/pages/en/projects.astro
16:27:36   └─ /en/projects/index.html (+20ms)
16:27:36 ▶ src/pages/en/tools/index.astro
16:27:36   └─ /en/tools/index.html (+31ms)
16:27:36 ▶ src/pages/index.astro
16:27:36   └─ /index.html (+21ms)
16:27:36 ▶ src/pages/zh/about.astro
16:27:36   └─ /zh/about/index.html (+22ms)
16:27:36 ▶ src/pages/zh/index.astro
16:27:36   └─ /zh/index.html (+18ms)
16:27:36 ▶ src/pages/zh/post/[slug].astro
16:27:36   ├─ /zh/post/4-tian-gai-le-7-lun-zhong-yu-jiao-fu-le-2400-yuan-ai-shipin-shang-dan/index.html (+26ms)
16:27:36   ├─ /zh/post/from-3-hours-to-3-minutes-workbuddy-ai-system/index.html (+27ms)
16:27:36   ├─ /zh/post/missed-bitcoin-2014-wont-miss-rwa/index.html (+25ms)
16:27:36   ├─ /zh/post/why-i-built-this-website/index.html (+38ms)
16:27:36   └─ /zh/post/yi-tian-kai-tong-7-zhang-gang-qia/index.html (+58ms)
16:27:37 ▶ src/pages/zh/posts.astro
16:27:37   └─ /zh/posts/index.html (+14ms)
16:27:37 ▶ src/pages/zh/projects.astro
16:27:37   └─ /zh/projects/index.html (+23ms)
16:27:37 ▶ src/pages/zh/resources/sources/index.astro
16:27:37   └─ /zh/resources/sources/index.html (+28ms)
16:27:37 ▶ src/pages/zh/tools/index.astro
16:27:37   └─ /zh/tools/index.html (+18ms)
16:27:37 ✓ Completed in 1.06s.

16:27:37 [build] Rearranging server assets...
16:27:38 [WARN] [@astrojs/vercel/serverless] 
	The local Node.js version (22) is not supported by Vercel Serverless Functions.
	Your project will use Node.js 18 as the runtime instead.
	Consider switching your local version to 18.

16:27:38 [@astrojs/vercel/serverless] Bundling function ..\..\_functions\entry.mjs
16:27:41 [build] Waiting for integration "@astrojs/vercel/serverless", hook "astro:build:done"...
16:28:03 [build] Server built in 104.00s
16:28:03 [build] Complete!
